nohup: ignoring input
moo_dir: /home/cuisx/products/BDA/pathToNetwork-path-design/mooseeker-master/tests
sys.path: ['/home/cuisx/products/BDA/pathToNetwork-path-design/mooseeker-master/tests', '/opt/ros/lunar/lib/python2.7/dist-packages', '/home/cuisx/anaconda3/envs/pytorch2/lib/python38.zip', '/home/cuisx/anaconda3/envs/pytorch2/lib/python3.8', '/home/cuisx/anaconda3/envs/pytorch2/lib/python3.8/lib-dynload', '/home/cuisx/anaconda3/envs/pytorch2/lib/python3.8/site-packages', '/home/cuisx/products/BDA/pathToNetwork-path-design/mooseeker-master/tests', '/home/cuisx/products/BDA/pathToNetwork-path-design/mooseeker-master/tests/mooseeker', '..']
/home/cuisx/products/BDA/pathToNetwork-path-design/mooseeker-master/tests
2024-04-18 14:39:02,184-/home/cuisx/products/BDA/pathToNetwork-path-design/mooseeker-master/tests/../mooseeker/trainer.py[line:31]-INFO : =====> Train for 005_C00267_C00022<=====
2024-04-18 14:39:02,228-/home/cuisx/products/BDA/pathToNetwork-path-design/mooseeker-master/tests/../mooseeker/model/BiOperators.py[line:20]-INFO : -----Sampling-----
2024-04-18 14:39:02,627-/home/cuisx/products/BDA/pathToNetwork-path-design/mooseeker-master/tests/../mooseeker/model/Chromesome.py[line:186]-INFO : =====> after trim_chrom:  长度是9---[['R01718', 'C00267', 'C00252'], ['R11791', 'C00252', 'C00221'], ['R03256', 'C00221', 'C05396'], ['R04393', 'C05396', 'C00243'], ['R05166', 'C00243', 'C06371'], ['R05166', 'C06371', 'C06372'], ['R05326', 'C06372', 'C00140'], ['R01204', 'C00140', 'C00024'], ['R00210', 'C00024', 'C00022']]<=====
2024-04-18 14:39:02,833-/home/cuisx/products/BDA/pathToNetwork-path-design/mooseeker-master/tests/../mooseeker/model/Chromesome.py[line:186]-INFO : =====> after trim_chrom:  长度是6---[['R01602', 'C00267', 'C00221'], ['R10035', 'C00221', 'C05143'], ['R10035', 'C05143', 'C03742'], ['R05728', 'C03742', 'C04350'], ['R10672', 'C04350', 'C17238'], ['R08660', 'C17238', 'C00022']]<=====
2024-04-18 14:39:03,166-/home/cuisx/products/BDA/pathToNetwork-path-design/mooseeker-master/tests/../mooseeker/model/Chromesome.py[line:186]-INFO : =====> after trim_chrom:  长度是14---[['R02109', 'C00267', 'C00369'], ['R02110', 'C00369', 'C00718'], ['R02121', 'C00718', 'C00372'], ['R02120', 'C00372', 'C00089'], ['R02411', 'C00089', 'C00137'], ['R01184', 'C00137', 'C00191'], ['R01476', 'C00191', 'C05385'], ['R01381', 'C05385', 'C00167'], ['R08263', 'C00167', 'C16578'], ['R08263', 'C16578', 'C01516'], ['R03697', 'C01516', 'C06174'], ['R08264', 'C06174', 'C00067'], ['R00604', 'C00067', 'C00058'], ['R00212', 'C00058', 'C00022']]<=====
2024-04-18 14:39:03,211-/home/cuisx/products/BDA/pathToNetwork-path-design/mooseeker-master/tests/../mooseeker/model/Chromesome.py[line:186]-INFO : =====> after trim_chrom:  长度是16---[['R00947', 'C00267', 'C00103'], ['R01233', 'C00103', 'C00394'], ['R00337', 'C00394', 'C00031'], ['R12209', 'C00031', 'C15772'], ['R08972', 'C15772', 'C18062'], ['R08973', 'C18062', 'C00021'], ['R07724', 'C00021', 'C10208'], ['R13051', 'C10208', 'C10216'], ['R13051', 'C10216', 'C00221'], ['R02187', 'C00221', 'C01172'], ['R05134', 'C01172', 'C06188'], ['R04394', 'C06188', 'C04261'], ['R03232', 'C04261', 'C01094'], ['R10050', 'C01094', 'C16848'], ['R10050', 'C16848', 'C00546'], ['R00203', 'C00546', 'C00022']]<=====
2024-04-18 14:39:03,252-/home/cuisx/products/BDA/pathToNetwork-path-design/mooseeker-master/tests/../mooseeker/model/Chromesome.py[line:186]-INFO : =====> after trim_chrom:  长度是24---[['R07265', 'C00267', 'C01083'], ['R11256', 'C01083', 'C06400'], ['R11256', 'C06400', 'C01935'], ['R11262', 'C01935', 'C00208'], ['R00957', 'C00208', 'C00103'], ['R01821', 'C00103', 'C00718'], ['R01823', 'C00718', 'C00089'], ['R00039', 'C00089', 'C00492'], ['R02410', 'C00492', 'C05402'], ['R01101', 'C05402', 'C00031'], ['R08823', 'C00031', 'C17759'], ['R08839', 'C17759', 'C01494'], ['R07440', 'C01494', 'C05619'], ['R02379', 'C05619', 'C00482'], ['R10299', 'C00482', 'C12138'], ['R07903', 'C12138', 'C16315'], ['R07903', 'C16315', 'C02199'], ['R06820', 'C02199', 'C09789'], ['R13064', 'C09789', 'C09099'], ['R02897', 'C09099', 'C00509'], ['R13074', 'C00509', 'C22568'], ['R13075', 'C22568', 'C22569'], ['R13076', 'C22569', 'C00036'], ['R00217', 'C00036', 'C00022']]<=====
